Starting Dynare (version 5.4).
Calling Dynare with arguments: none
Starting preprocessing of the model file ...
Found 3 equation(s).
Evaluating expressions...done
Computing static model derivatives (order 1).
Computing dynamic model derivatives (order 2).
Processing outputs ...
done
Preprocessing completed.


STEADY-STATE RESULTS:

c 		 0.388069
k 		 0.1883
z 		 0

EIGENVALUES:
         Modulus             Real        Imaginary

          0.4621           0.4621                0
            0.95             0.95                0
           5.741           -5.741                0
             Inf              Inf                0
             Inf              Inf                0


There are 3 eigenvalue(s) larger than 1 in modulus 
for 3 forward-looking variable(s)

The rank condition is verified.


MODEL SUMMARY

  Number of variables:         3
  Number of stochastic shocks: 1
  Number of state variables:   2
  Number of jumpers:           3
  Number of static variables:  0


MATRIX OF COVARIANCE OF EXOGENOUS SHOCKS
Variables       eps_z
eps_z        1.000000

POLICY AND TRANSITION FUNCTIONS
                                   c               k               z
Constant                    0.388066        0.188303               0
(correction)               -0.000003        0.000003               0
k(-1)                       0.548036        0.462065               0
z(-1)                       0.399342        0.148208        0.950000
eps_z                       0.004204        0.001560        0.010000
k(-1),k(-1)                -1.113176       -0.683874               0
z(-1),k(-1)                 0.583760        0.375836               0
z(-1),z(-1)                 0.203263        0.056824               0
eps_z,eps_z                 0.000023        0.000006               0
k(-1),eps_z                 0.006145        0.003956               0
z(-1),eps_z                 0.004279        0.001196               0


MOMENTS OF SIMULATED VARIABLES
VARIABLE              MEAN       STD. DEV.        VARIANCE        SKEWNESS        KURTOSIS
c                 0.402094        0.013715        0.000188        0.218194       -0.771478
k                 0.195330        0.006747        0.000046        0.218479       -0.816691
z                 0.023418        0.023789        0.000566        0.157356       -0.736847


CORRELATION OF SIMULATED VARIABLES
VARIABLE         c       k       z
c           1.0000  0.9954  0.9910
k           0.9954  1.0000  0.9737
z           0.9910  0.9737  1.0000


AUTOCORRELATION OF SIMULATED VARIABLES
VARIABLE         1       2       3       4       5
c           0.9364  0.8540  0.7716  0.6835  0.5963
k           0.9555  0.8817  0.7983  0.7098  0.6230
z           0.8964  0.7952  0.7142  0.6269  0.5400
Total computing time : 0h00m00s
